// Jest Snapshot v1, https://goo.gl/fbAQLP

exports[`End-to-end tests for instances with GPUs No reserved instances 1`] = `"H16mr,16,224,4.742,2.861,N/A,N/A,N/A,N/A,0.5833,0.2861,3.1175,2.3815,2.501,1.765"`;
