// Jest Snapshot v1, https://goo.gl/fbAQLP

exports[`End-to-end tests for supported operating systems Ubuntu Advantage Essential 1`] = `"D2 v3,2,8,0.126,N/A,0.0883,N/A,0.0598,N/A,0.0209,N/A"`;
